<html>
<body>
<pre>
<h1>µVision Build Log</h1>
<h2>Project:</h2>
C:\keil Projects\midterm2\midterm2.uvproj
Project File Date:  04/20/2018

<h2>Output:</h2>
assembling midterm2.s...
midterm2.s(1): error: A1163E: Unknown opcode N , expecting opcode or Macro
midterm2.s - 1 Error(s), 0 Warning(s).
assembling midterm2.s...
midterm2.s(1): error: A1152E: Unexpected operator
midterm2.s - 1 Error(s), 0 Warning(s).
assembling midterm2.s...
midterm2.s - 0 Error(s), 0 Warning(s).
Build target 'Target 1'
assembling Startup.s...
linking...
Program Size: Code=48 RO-data=0 RW-data=0 ZI-data=0  
"midterm2.axf" - 0 Error(s), 0 Warning(s).
Build target 'Target 1'
assembling Startup.s...
assembling midterm2.s...
linking...
Program Size: Code=48 RO-data=0 RW-data=0 ZI-data=0  
"midterm2.axf" - 0 Error(s), 0 Warning(s).
assembling midterm2.s...
midterm2.s - 0 Error(s), 0 Warning(s).
Build target 'Target 1'
linking...
Program Size: Code=48 RO-data=0 RW-data=0 ZI-data=0  
"midterm2.axf" - 0 Error(s), 0 Warning(s).
Build target 'Target 1'
assembling Startup.s...
assembling midterm2.s...
linking...
Program Size: Code=48 RO-data=0 RW-data=0 ZI-data=0  
"midterm2.axf" - 0 Error(s), 0 Warning(s).
assembling midterm2.s...
midterm2.s - 0 Error(s), 0 Warning(s).
Build target 'Target 1'
linking...
Program Size: Code=48 RO-data=0 RW-data=0 ZI-data=0  
"midterm2.axf" - 0 Error(s), 0 Warning(s).
Build target 'Target 1'
assembling Startup.s...
assembling midterm2.s...
linking...
Program Size: Code=48 RO-data=0 RW-data=0 ZI-data=0  
"midterm2.axf" - 0 Error(s), 0 Warning(s).
assembling midterm2.s...
midterm2.s - 0 Error(s), 0 Warning(s).
Build target 'Target 1'
linking...
Program Size: Code=48 RO-data=0 RW-data=0 ZI-data=0  
"midterm2.axf" - 0 Error(s), 0 Warning(s).
Build target 'Target 1'
assembling Startup.s...
assembling midterm2.s...
linking...
Program Size: Code=48 RO-data=0 RW-data=0 ZI-data=0  
"midterm2.axf" - 0 Error(s), 0 Warning(s).
assembling midterm2.s...
midterm2.s - 0 Error(s), 0 Warning(s).
assembling midterm2.s...
midterm2.s - 0 Error(s), 0 Warning(s).
Build target 'Target 1'
linking...
Program Size: Code=48 RO-data=0 RW-data=0 ZI-data=0  
"midterm2.axf" - 0 Error(s), 0 Warning(s).
Build target 'Target 1'
assembling Startup.s...
assembling midterm2.s...
linking...
Program Size: Code=48 RO-data=0 RW-data=0 ZI-data=0  
"midterm2.axf" - 0 Error(s), 0 Warning(s).
assembling midterm2.s...
midterm2.s - 0 Error(s), 0 Warning(s).
Build target 'Target 1'
linking...
Program Size: Code=48 RO-data=0 RW-data=0 ZI-data=0  
"midterm2.axf" - 0 Error(s), 0 Warning(s).
Build target 'Target 1'
assembling Startup.s...
assembling midterm2.s...
linking...
Program Size: Code=48 RO-data=0 RW-data=0 ZI-data=0  
"midterm2.axf" - 0 Error(s), 0 Warning(s).
